
A module that was compiled using NumPy 1.x cannot be run in
NumPy 2.2.6 as it may crash. To support both 1.x and 2.x
versions of NumPy, modules must be compiled with NumPy 2.0.
Some module may need to rebuild instead e.g. with 'pybind11>=2.12'.

If you are a user of the module, the easiest solution will be to
downgrade to 'numpy<2' or try to upgrade the affected module.
We expect that some modules will need time to support NumPy 2.

Traceback (most recent call last):  File "/home/cog/ryan-dir/DeepfakeDetectionRenewed/experiments/linear_probe.py", line 39, in <module>
    import torch
  File "/home/cog/.local/lib/python3.10/site-packages/torch/__init__.py", line 2276, in <module>
    from torch import quantization as quantization  # usort: skip
  File "/home/cog/.local/lib/python3.10/site-packages/torch/quantization/__init__.py", line 2, in <module>
    from .fake_quantize import *  # noqa: F403
  File "/home/cog/.local/lib/python3.10/site-packages/torch/quantization/fake_quantize.py", line 10, in <module>
    from torch.ao.quantization.fake_quantize import (
  File "/home/cog/.local/lib/python3.10/site-packages/torch/ao/quantization/__init__.py", line 12, in <module>
    from .pt2e._numeric_debugger import (  # noqa: F401
  File "/home/cog/.local/lib/python3.10/site-packages/torch/ao/quantization/pt2e/_numeric_debugger.py", line 9, in <module>
    from torch.ao.quantization.pt2e.graph_utils import bfs_trace_with_node_process
  File "/home/cog/.local/lib/python3.10/site-packages/torch/ao/quantization/pt2e/graph_utils.py", line 9, in <module>
    from torch.export import ExportedProgram
  File "/home/cog/.local/lib/python3.10/site-packages/torch/export/__init__.py", line 61, in <module>
    from .decomp_utils import CustomDecompTable
  File "/home/cog/.local/lib/python3.10/site-packages/torch/export/decomp_utils.py", line 5, in <module>
    from torch._export.utils import (
  File "/home/cog/.local/lib/python3.10/site-packages/torch/_export/__init__.py", line 48, in <module>
    from .wrappers import _wrap_submodules
  File "/home/cog/.local/lib/python3.10/site-packages/torch/_export/wrappers.py", line 7, in <module>
    from torch._higher_order_ops.flat_apply import (
  File "/home/cog/.local/lib/python3.10/site-packages/torch/_higher_order_ops/__init__.py", line 1, in <module>
    from torch._higher_order_ops._invoke_quant import (
  File "/home/cog/.local/lib/python3.10/site-packages/torch/_higher_order_ops/_invoke_quant.py", line 8, in <module>
    from torch._higher_order_ops.base_hop import BaseHOP, FunctionWithNoFreeVars
  File "/home/cog/.local/lib/python3.10/site-packages/torch/_higher_order_ops/base_hop.py", line 9, in <module>
    from torch._higher_order_ops.auto_functionalize import FunctionalCallableWithEpilogue
  File "/home/cog/.local/lib/python3.10/site-packages/torch/_higher_order_ops/auto_functionalize.py", line 13, in <module>
    from torch._higher_order_ops.utils import (
  File "/home/cog/.local/lib/python3.10/site-packages/torch/_higher_order_ops/utils.py", line 16, in <module>
    from torch._subclasses.functional_tensor import (
  File "/home/cog/.local/lib/python3.10/site-packages/torch/_subclasses/functional_tensor.py", line 46, in <module>
    class FunctionalTensor(torch.Tensor):
  File "/home/cog/.local/lib/python3.10/site-packages/torch/_subclasses/functional_tensor.py", line 279, in FunctionalTensor
    cpu = _conversion_method_template(device=torch.device("cpu"))
/home/cog/.local/lib/python3.10/site-packages/torch/_subclasses/functional_tensor.py:279: UserWarning: Failed to initialize NumPy: 
A module that was compiled using NumPy 1.x cannot be run in
NumPy 2.2.6 as it may crash. To support both 1.x and 2.x
versions of NumPy, modules must be compiled with NumPy 2.0.
Some module may need to rebuild instead e.g. with 'pybind11>=2.12'.

If you are a user of the module, the easiest solution will be to
downgrade to 'numpy<2' or try to upgrade the affected module.
We expect that some modules will need time to support NumPy 2.

 (Triggered internally at /opt/pytorch/torch/csrc/utils/tensor_numpy.cpp:81.)
  cpu = _conversion_method_template(device=torch.device("cpu"))
/home/cog/ryan-dir/DeepfakeDetectionRenewed/.venv2/lib/python3.10/site-packages/matplotlib/projections/__init__.py:63: UserWarning: Unable to import Axes3D. This may be due to multiple versions of Matplotlib being installed (e.g. as a system package and as a pip package). As a result, the 3D projection is not available.
  warnings.warn("Unable to import Axes3D. This may be due to multiple versions of "
Dataset: 3500 samples  (7 systems, ≤500 each)
Loading checkpoint: /home/cog/ryan-dir/DeepfakeDetectionRenewed/models/robust_goat.ckpt
Load WavLM model!!!!!!!
Loading weights:   0%|          | 0/248 [00:00<?, ?it/s]Loading weights: 100%|██████████| 248/248 [00:00<00:00, 11382.10it/s]
[1mWavLMForCTC LOAD REPORT[0m from: microsoft/wavlm-base
Key            | Status  | 
---------------+---------+-
lm_head.weight | MISSING | 
lm_head.bias   | MISSING | 

Notes:
- MISSING:	those params were newly initialized because missing from the checkpoint. Consider training on your downstream task.
torch.Size([687, 768])
Model ready on cuda.

Extracting representations...
  500/3500 samples done
  1000/3500 samples done
  1500/3500 samples done
  2000/3500 samples done
  2500/3500 samples done
  3000/3500 samples done
  3500/3500 samples done
Done. Representations collected: ['bilstm', 'gat_l0', 'head_l0_h0', 'head_l0_h1', 'head_l0_h2', 'head_l0_h3', 'head_l0_h4', 'head_l0_h5', 'gat_l1', 'head_l1_h0', 'head_l1_h1', 'head_l1_h2', 'head_l1_h3', 'head_l1_h4', 'head_l1_h5', 'gat_l2', 'head_l2_h0', 'head_l2_h1', 'head_l2_h2', 'head_l2_h3', 'head_l2_h4', 'head_l2_h5']

Training 22 linear probes...
Probe                         AUC     ACC      F1      D
-------------------------------------------------------
  bilstm                     0.9815  0.9429  0.9661    768
  gat_l0                     0.9776  0.9386  0.9637    768
  gat_l1                     0.9840  0.9457  0.9680    768
  gat_l2                     0.9810  0.9486  0.9697    768
  head_l0_h0                 0.9552  0.9043  0.9421    128
  head_l0_h1                 0.9617  0.8914  0.9336    128
  head_l0_h2                 0.9542  0.8986  0.9384    128
  head_l0_h3                 0.9572  0.9000  0.9396    128
  head_l0_h4                 0.9593  0.8957  0.9362    128
  head_l0_h5                 0.9498  0.8800  0.9271    128
  head_l1_h0                 0.9802  0.9214  0.9525    128
  head_l1_h1                 0.9782  0.9286  0.9569    128
  head_l1_h2                 0.9791  0.9300  0.9580    128
  head_l1_h3                 0.9776  0.9257  0.9551    128
  head_l1_h4                 0.9794  0.9286  0.9570    128
  head_l1_h5                 0.9770  0.9243  0.9544    128
  head_l2_h0                 0.9813  0.9329  0.9598    128
  head_l2_h1                 0.9830  0.9371  0.9623    128
  head_l2_h2                 0.9874  0.9500  0.9702    128
  head_l2_h3                 0.9805  0.9243  0.9545    128
  head_l2_h4                 0.9839  0.9314  0.9588    128
  head_l2_h5                 0.9807  0.9300  0.9579    128

 Rank  Probe                         AUC     ACC      F1      D
------------------------------------------------------------
    1  head_l2_h2                 0.9874  0.9500  0.9702    128
    2  gat_l1                     0.9840  0.9457  0.9680    768
    3  head_l2_h4                 0.9839  0.9314  0.9588    128
    4  head_l2_h1                 0.9830  0.9371  0.9623    128
    5  bilstm                     0.9815  0.9429  0.9661    768
    6  head_l2_h0                 0.9813  0.9329  0.9598    128
    7  gat_l2                     0.9810  0.9486  0.9697    768
    8  head_l2_h5                 0.9807  0.9300  0.9579    128
    9  head_l2_h3                 0.9805  0.9243  0.9545    128
   10  head_l1_h0                 0.9802  0.9214  0.9525    128
   11  head_l1_h4                 0.9794  0.9286  0.9570    128
   12  head_l1_h2                 0.9791  0.9300  0.9580    128
   13  head_l1_h1                 0.9782  0.9286  0.9569    128
   14  head_l1_h3                 0.9776  0.9257  0.9551    128
   15  gat_l0                     0.9776  0.9386  0.9637    768
   16  head_l1_h5                 0.9770  0.9243  0.9544    128
   17  head_l0_h1                 0.9617  0.8914  0.9336    128
   18  head_l0_h4                 0.9593  0.8957  0.9362    128
   19  head_l0_h3                 0.9572  0.9000  0.9396    128
   20  head_l0_h0                 0.9552  0.9043  0.9421    128
   21  head_l0_h2                 0.9542  0.8986  0.9384    128
   22  head_l0_h5                 0.9498  0.8800  0.9271    128

Saved: probe_metrics_summary.csv
Saved: probe_ranking.png

── Layer-level probes ─────────────────────────────────
  gat_l1           AUC=0.9840  ACC=0.9457
  bilstm           AUC=0.9815  ACC=0.9429
  gat_l2           AUC=0.9810  ACC=0.9486
  gat_l0           AUC=0.9776  ACC=0.9386

── Head AUC — ranked within each layer ────────────────

  Layer 0:
    Head 1 (rank 1)  AUC=0.9617  ACC=0.8914
    Head 4 (rank 2)  AUC=0.9593  ACC=0.8957
    Head 3 (rank 3)  AUC=0.9572  ACC=0.9000
    Head 0 (rank 4)  AUC=0.9552  ACC=0.9043
    Head 2 (rank 5)  AUC=0.9542  ACC=0.8986
    Head 5 (rank 6)  AUC=0.9498  ACC=0.8800

  Layer 1:
    Head 0 (rank 1)  AUC=0.9802  ACC=0.9214
    Head 4 (rank 2)  AUC=0.9794  ACC=0.9286
    Head 2 (rank 3)  AUC=0.9791  ACC=0.9300
    Head 1 (rank 4)  AUC=0.9782  ACC=0.9286
    Head 3 (rank 5)  AUC=0.9776  ACC=0.9257
    Head 5 (rank 6)  AUC=0.9770  ACC=0.9243

  Layer 2:
    Head 2 (rank 1)  AUC=0.9874  ACC=0.9500
    Head 4 (rank 2)  AUC=0.9839  ACC=0.9314
    Head 1 (rank 3)  AUC=0.9830  ACC=0.9371
    Head 0 (rank 4)  AUC=0.9813  ACC=0.9329
    Head 5 (rank 5)  AUC=0.9807  ACC=0.9300
    Head 3 (rank 6)  AUC=0.9805  ACC=0.9243

All probe artefacts saved to /home/cog/ryan-dir/DeepfakeDetectionRenewed/experiments/results/linear_probe/
