Some weights of the model checkpoint at microsoft/wavlm-base were not used when initializing WavLMModel: ['encoder.pos_conv_embed.conv.weight_g', 'encoder.pos_conv_embed.conv.weight_v']
- This IS expected if you are initializing WavLMModel from the checkpoint of a model trained on another task or with another architecture (e.g. initializing a BertForSequenceClassification model from a BertForPreTraining model).
- This IS NOT expected if you are initializing WavLMModel from the checkpoint of a model that you expect to be exactly identical (initializing a BertForSequenceClassification model from a BertForSequenceClassification model).
Some weights of WavLMModel were not initialized from the model checkpoint at microsoft/wavlm-base and are newly initialized: ['encoder.pos_conv_embed.conv.parametrizations.weight.original0', 'encoder.pos_conv_embed.conv.parametrizations.weight.original1']
You should probably TRAIN this model on a down-stream task to be able to use it for predictions and inference.
[I3] 1846 utts
  main: EER=0.266
  s42: EER=0.285
  s1024: EER=0.265
[px_common] repaired WavLM pos_conv weight-norm weights from checkpoint
  emb 0/1846
  emb 320/1846
  emb 640/1846
  emb 960/1846
  emb 1280/1846
  emb 1600/1846
  embeddings: (1846, 768)

  hardness cross-seed Spearman:
        main    s42  s1024
main   1.000  0.968  0.913
s42    0.968  1.000  0.893
s1024  0.913  0.893  1.000

  bona s_along median=-0.65  spoof=+nan

[A] system-level position vs hardness (per detector seed):
    main: s_along rho=-0.260 (p=0.0427) LOO=+0.011 | s_orth rho=+0.225 (p=0.0814)
     s42: s_along rho=-0.293 (p=0.0219) LOO=+0.028 | s_orth rho=+0.338 (p=0.0078)
   s1024: s_along rho=-0.205 (p=0.1131) LOO=+0.010 | s_orth rho=+0.247 (p=0.0550)
  shared: s_along rho=-0.262 (p=0.0418) LOO=+0.020 | s_orth rho=+0.274 (p=0.0324)

[B] shared-hardness models: s_along=+0.020 (perm p=0.0230)  vel_entropy=+0.079  both=+0.131  +sd_along=+0.316  dprime(s/sd)=+0.198
[C] RMS-partialled: s_along rho=-0.199 (p=0.1236)  vel_entropy rho=+0.247 (p=0.0553)  mu_norm rho=+0.237 (p=0.0665)
[D] partial: vel_entropy|s_along rho=+0.362 (p=0.0041); s_along|vel_entropy rho=-0.280 (p=0.0286)
[E] FE          s_along: beta=-0.0970 (perm p=0.1720)
[E] FE           s_orth: beta=-0.2044 (perm p=0.0050)
[E] FE  vel_entropy_L12: beta=+0.1069 (perm p=0.1515)

[I3] done -> /lambda/nfs/algovirginia/workspace/DeepfakeDetectionRenewed/experiments/results/i3_position_geometry
