[J5] official AASIST loaded
  scoring ASVspoof21 ...
  scoring MLAAD ...
  scoring ITW ...
  orientation=-1  EER: 2021=0.0728  MLAAD=0.3760  ITW=0.4860

[H1] AASIST per-attack hardness vs J4 registered predictions:
  P1: rho=+0.154 (p=0.6158) top3 hits=1/3
  P2: rho=+0.066 (p=0.8305) top3 hits=1/3
  P3: rho=+0.643 (p=0.0178) top3 hits=1/3
  P4: rho=-0.011 (p=0.9716) top3 hits=1/3
  AASIST hardest: {'A10': 0.049, 'A12': 0.038, 'A18': 0.033, 'A07': 0.028}
  family agreement on 2021 (AASIST vs MLAAD-det): rho=+0.214 (p=0.4821)

[H2] MLAAD position law under AASIST (zero-shot):
           s_along: rho=-0.141 (p=0.2799)
          sd_along: rho=+0.240 (p=0.0627)
   vel_entropy_L12: rho=+0.256 (p=0.0464)
            s_orth: rho=+0.299 (p=0.0194)

[H3] detector-family hardness agreement (MLAAD systems, Spearman):
             aasist  mlaad_det  robust_goat
aasist        1.000      0.320        0.544
mlaad_det     0.320      1.000        0.301
robust_goat   0.544      0.301        1.000

[H4] corpus-internal LDA-axis fusion for AASIST:
  asvspoof21: AASIST EER=0.0728 -> fused 0.0762  (dEER=+0.0035)
       mlaad: AASIST EER=0.3760 -> fused 0.1165  (dEER=-0.2595)
         itw: AASIST EER=0.4860 -> fused 0.1607  (dEER=-0.3253)

[H5] ITW per-speaker law under AASIST:
    s_orth: rho=+0.090 (p=0.6419)
   s_along: rho=-0.091 (p=0.6382)
      ve12: rho=-0.017 (p=0.9293)
     rog12: rho=-0.155 (p=0.4215)

[J5] done -> /lambda/nfs/algovirginia/workspace/DeepfakeDetectionRenewed/experiments/results/j5_aasist
