[I3] 1846 utts
  scoring under s42 ...
2026-07-04 08:33:03.197675: E external/local_xla/xla/stream_executor/cuda/cuda_fft.cc:467] Unable to register cuFFT factory: Attempting to register factory for plugin cuFFT when one has already been registered
WARNING: All log messages before absl::InitializeLog() is called are written to STDERR
E0000 00:00:1783153983.225422  134203 cuda_dnn.cc:8579] Unable to register cuDNN factory: Attempting to register factory for plugin cuDNN when one has already been registered
E0000 00:00:1783153983.236521  134203 cuda_blas.cc:1407] Unable to register cuBLAS factory: Attempting to register factory for plugin cuBLAS when one has already been registered
W0000 00:00:1783153983.426254  134203 computation_placer.cc:177] computation placer already registered. Please check linkage and avoid linking the same target more than once.
W0000 00:00:1783153983.426872  134203 computation_placer.cc:177] computation placer already registered. Please check linkage and avoid linking the same target more than once.
W0000 00:00:1783153983.426885  134203 computation_placer.cc:177] computation placer already registered. Please check linkage and avoid linking the same target more than once.
W0000 00:00:1783153983.426894  134203 computation_placer.cc:177] computation placer already registered. Please check linkage and avoid linking the same target more than once.
Some weights of WavLMForCTC were not initialized from the model checkpoint at microsoft/wavlm-base and are newly initialized: ['lm_head.bias', 'lm_head.weight']
You should probably TRAIN this model on a down-stream task to be able to use it for predictions and inference.
Load WavLM model!!!!!!!
torch.Size([687, 768])
  scoring under s1024 ...
Some weights of WavLMForCTC were not initialized from the model checkpoint at microsoft/wavlm-base and are newly initialized: ['lm_head.bias', 'lm_head.weight']
You should probably TRAIN this model on a down-stream task to be able to use it for predictions and inference.
Load WavLM model!!!!!!!
torch.Size([687, 768])
  main: EER=0.266
  s42: EER=0.285
  s1024: EER=0.265
[px_common] repaired WavLM pos_conv weight-norm weights from checkpoint
  emb 0/1846
  emb 320/1846
  emb 640/1846
  emb 960/1846
  emb 1280/1846
  emb 1600/1846
  embeddings: (1846, 768)

  hardness cross-seed Spearman:
        main    s42  s1024
main   1.000  0.968  0.913
s42    0.968  1.000  0.893
s1024  0.913  0.893  1.000

  bona s_along median=-0.65  spoof=+nan

[A] system-level position vs hardness (per detector seed):
    main: s_along rho=-0.260 (p=0.0427) LOO=+0.011 | s_orth rho=+0.227 (p=0.0786)
     s42: s_along rho=-0.293 (p=0.0219) LOO=+0.028 | s_orth rho=+0.340 (p=0.0074)
   s1024: s_along rho=-0.205 (p=0.1131) LOO=+0.009 | s_orth rho=+0.249 (p=0.0534)
  shared: s_along rho=-0.261 (p=0.0420) LOO=+0.020 | s_orth rho=+0.277 (p=0.0304)

[B] shared-hardness models: s_along=+0.020 (perm p=0.0230)  vel_entropy=+0.079  both=+0.131  +sd_along=+0.316  dprime(s/sd)=+0.198
[C] RMS-partialled: s_along rho=-0.199 (p=0.1236)  vel_entropy rho=+0.247 (p=0.0553)  mu_norm rho=+0.237 (p=0.0665)
[D] partial: vel_entropy|s_along rho=+0.362 (p=0.0041); s_along|vel_entropy rho=-0.280 (p=0.0286)
[E] FE          s_along: beta=-0.0970 (perm p=0.1720)
[E] FE           s_orth: beta=-0.2045 (perm p=0.0050)
[E] FE  vel_entropy_L12: beta=+0.1069 (perm p=0.1520)

[I3] done -> /home/sagemaker-user/DeepfakeDetectionRenewed/experiments/results/i3_position_geometry
