[driver] waiting for i2 to finish...
[driver] i2 finished. wave cache: 140599728
[driver] === i3 (experiments/scripts/i3_position_geometry.py) ===
[driver] i3 OK (191s)
[driver] === i7 (experiments/scripts/i7_axis_fusion.py) ===
[driver] i7 OK (27s)
[driver] === i6 (experiments/scripts/i6_testtime_geometry_boost.py) ===
[driver] i6 FAILED (5s) -- tail:
    itw = px.load_itw_waves(n_per_class=3000)
          ^^^^^^^^^^^^^^^^^^^^^^^^^^^^^^^^^^^
  File "/home/sagemaker-user/DeepfakeDetectionRenewed/experiments/scripts/px_common.py", line 294, in load_itw_waves
    assert META_CSV.exists(), f"meta.csv not found at {META_CSV}"
           ^^^^^^^^^^^^^^^^^
AssertionError: meta.csv not found at /home/sagemaker-user/DeepfakeDetectionRenewed/data/in_the_wild/downloads/extracted/c3c93f2f54ac2d261fa7010629351505bd6e05597ea22fd4a35c92dda590a3bf/release_in_the_wild/meta.csv
[driver] === i5 (experiments/scripts/i5_itw_transfer.py) ===
[driver] i5 FAILED (3s) -- tail:
    itw = px.load_itw_waves(n_per_class=3000)
          ^^^^^^^^^^^^^^^^^^^^^^^^^^^^^^^^^^^
  File "/home/sagemaker-user/DeepfakeDetectionRenewed/experiments/scripts/px_common.py", line 294, in load_itw_waves
    assert META_CSV.exists(), f"meta.csv not found at {META_CSV}"
           ^^^^^^^^^^^^^^^^^
AssertionError: meta.csv not found at /home/sagemaker-user/DeepfakeDetectionRenewed/data/in_the_wild/downloads/extracted/c3c93f2f54ac2d261fa7010629351505bd6e05597ea22fd4a35c92dda590a3bf/release_in_the_wild/meta.csv
[driver] === j5 (experiments/scripts/j5_aasist_crossfamily.py) ===
[driver] j5 FAILED (2s) -- tail:
    z21 = np.load(R / "j4_asvspoof21" / "waves_sel.npz", allow_pickle=True)
          ^^^^^^^^^^^^^^^^^^^^^^^^^^^^^^^^^^^^^^^^^^^^^^^^^^^^^^^^^^^^^^^^^
  File "/opt/conda/lib/python3.12/site-packages/numpy/lib/npyio.py", line 427, in load
    fid = stack.enter_context(open(os_fspath(file), "rb"))
                              ^^^^^^^^^^^^^^^^^^^^^^^^^^^
FileNotFoundError: [Errno 2] No such file or directory: '/home/sagemaker-user/DeepfakeDetectionRenewed/experiments/results/j4_asvspoof21/waves_sel.npz'
[driver] === j6 (experiments/scripts/j6_train_aasist_mlaad.py) ===
