/lambda/nfs/algovirginia/workspace/DeepfakeDetectionRenewed/venv/lib/python3.10/site-packages/librosa/core/intervals.py:8: UserWarning: pkg_resources is deprecated as an API. See https://setuptools.pypa.io/en/latest/pkg_resources.html. The pkg_resources package is slated for removal as early as 2025-11-30. Refrain from using this package or pin to Setuptools<81.
  from pkg_resources import resource_filename
/lambda/nfs/algovirginia/workspace/DeepfakeDetectionRenewed/venv/lib/python3.10/site-packages/transformers/utils/generic.py:441: FutureWarning: `torch.utils._pytree._register_pytree_node` is deprecated. Please use `torch.utils._pytree.register_pytree_node` instead.
  _torch_pytree._register_pytree_node(
/lambda/nfs/algovirginia/workspace/DeepfakeDetectionRenewed/venv/lib/python3.10/site-packages/transformers/utils/generic.py:309: FutureWarning: `torch.utils._pytree._register_pytree_node` is deprecated. Please use `torch.utils._pytree.register_pytree_node` instead.
  _torch_pytree._register_pytree_node(
/lambda/nfs/algovirginia/workspace/DeepfakeDetectionRenewed/venv/lib/python3.10/site-packages/transformers/utils/generic.py:309: FutureWarning: `torch.utils._pytree._register_pytree_node` is deprecated. Please use `torch.utils._pytree.register_pytree_node` instead.
  _torch_pytree._register_pytree_node(
Loading facebook/wav2vec2-base ...
/lambda/nfs/algovirginia/workspace/DeepfakeDetectionRenewed/venv/lib/python3.10/site-packages/transformers/configuration_utils.py:387: UserWarning: Passing `gradient_checkpointing` to a config initialization is deprecated and will be removed in v5 Transformers. Using `model.gradient_checkpointing_enable()` instead, or if you are using the `Trainer` API, pass `gradient_checkpointing=True` in your `TrainingArguments`.
  warnings.warn(
Some weights of Wav2Vec2Model were not initialized from the model checkpoint at facebook/wav2vec2-base and are newly initialized: ['wav2vec2.encoder.pos_conv_embed.conv.parametrizations.weight.original1', 'wav2vec2.encoder.pos_conv_embed.conv.parametrizations.weight.original0']
You should probably TRAIN this model on a down-stream task to be able to use it for predictions and inference.
  wav2vec2 200/1846
  wav2vec2 400/1846
  wav2vec2 600/1846
  wav2vec2 800/1846
  wav2vec2 1000/1846
  wav2vec2 1200/1846
  wav2vec2 1400/1846
  wav2vec2 1600/1846
  wav2vec2 1800/1846
# P8: Cross-encoder C ensemble (WavLM L12 + wav2vec2 L8) — diagnostic gate

Utterances: 1846  |  systems: 64

## Mean per-system metrics (overall | hard-C-quartile)
| Score | Mean EER | Mean AUC | Mean bal_acc | HardQ EER | HardQ AUC |
|-------|----------|----------|--------------|-----------|-----------|
| raw_logit (no cal) | 0.2615 | 0.7947 | 0.7849 | 0.3367 | 0.7136 |
| + wavlm-only cal | 0.4466 | 0.5687 | 0.6700 | 0.4977 | 0.5073 |
| + ensemble cal | 0.4453 | 0.5662 | 0.6682 | 0.4952 | 0.5066 |

**Decision: NO-GO — ensembling does not jointly improve hard-quartile EER and AUC over WavLM-only; not worth 2× inference**
(criterion: hard-quartile EER ≤ wavlm−0.01 AND AUC ≥ wavlm;  ΔEER=-0.0025, ΔAUC=-0.0008)


summary → /lambda/nfs/algovirginia/workspace/DeepfakeDetectionRenewed/experiments/results/mlaad/p8_cross_encoder_ensemble/summary.md
