parallel chain start 2026-06-08T04:53:45Z  pool=6
cleared prior runs; gpu:
0 MiB, 0 %
launching pool over:  p2 42 p2 123 p2 1024 p3 42 p3 123 p3 1024 p4 42 p4 123 p4 1024 p5 42 p5 123 p5 1024 p6 42 p6 123 p6 1024 p7 42 p7 123 p7 1024
>>> p2 seed42 START 2026-06-08T04:53:51Z
>>> p2 seed1024 START 2026-06-08T04:53:51Z
>>> p2 seed123 START 2026-06-08T04:53:51Z
>>> p3 seed123 START 2026-06-08T04:53:51Z
>>> p3 seed42 START 2026-06-08T04:53:51Z
>>> p3 seed1024 START 2026-06-08T04:53:51Z
>>> p2 seed42 END rc=1 2026-06-08T05:19:34Z
>>> p4 seed42 START 2026-06-08T05:19:34Z
>>> p2 seed1024 END rc=1 2026-06-08T05:19:43Z
>>> p4 seed123 START 2026-06-08T05:19:43Z
>>> p2 seed123 END rc=1 2026-06-08T05:19:45Z
>>> p4 seed1024 START 2026-06-08T05:19:45Z
>>> p3 seed1024 END rc=1 2026-06-08T05:24:07Z
>>> p5 seed42 START 2026-06-08T05:24:07Z
>>> p3 seed42 END rc=1 2026-06-08T05:24:15Z
>>> p5 seed123 START 2026-06-08T05:24:15Z
>>> p3 seed123 END rc=1 2026-06-08T05:24:18Z
>>> p5 seed1024 START 2026-06-08T05:24:18Z
>>> p4 seed123 END rc=0 2026-06-08T05:43:43Z
>>> p6 seed42 START 2026-06-08T05:43:43Z
>>> p4 seed42 END rc=0 2026-06-08T05:43:49Z
>>> p6 seed123 START 2026-06-08T05:43:49Z
>>> p4 seed1024 END rc=0 2026-06-08T05:43:59Z
>>> p6 seed1024 START 2026-06-08T05:43:59Z
>>> p5 seed42 END rc=0 2026-06-08T05:49:31Z
>>> p7 seed42 START 2026-06-08T05:49:31Z
>>> p5 seed1024 END rc=0 2026-06-08T05:49:46Z
>>> p7 seed123 START 2026-06-08T05:49:46Z
>>> p5 seed123 END rc=0 2026-06-08T05:49:53Z
>>> p7 seed1024 START 2026-06-08T05:49:53Z
>>> p6 seed42 END rc=0 2026-06-08T06:07:58Z
>>> p6 seed123 END rc=0 2026-06-08T06:08:04Z
>>> p6 seed1024 END rc=0 2026-06-08T06:08:09Z
>>> p7 seed42 END rc=0 2026-06-08T06:11:22Z
>>> p7 seed123 END rc=0 2026-06-08T06:11:31Z
>>> p7 seed1024 END rc=0 2026-06-08T06:11:39Z
all training jobs finished 2026-06-08T06:11:39Z
/lambda/nfs/algovirginia/workspace/DeepfakeDetectionRenewed/venv/lib/python3.10/site-packages/librosa/core/intervals.py:8: UserWarning: pkg_resources is deprecated as an API. See https://setuptools.pypa.io/en/latest/pkg_resources.html. The pkg_resources package is slated for removal as early as 2025-11-30. Refrain from using this package or pin to Setuptools<81.
  from pkg_resources import resource_filename
/lambda/nfs/algovirginia/workspace/DeepfakeDetectionRenewed/venv/lib/python3.10/site-packages/transformers/utils/generic.py:441: FutureWarning: `torch.utils._pytree._register_pytree_node` is deprecated. Please use `torch.utils._pytree.register_pytree_node` instead.
  _torch_pytree._register_pytree_node(
/lambda/nfs/algovirginia/workspace/DeepfakeDetectionRenewed/venv/lib/python3.10/site-packages/transformers/utils/generic.py:309: FutureWarning: `torch.utils._pytree._register_pytree_node` is deprecated. Please use `torch.utils._pytree.register_pytree_node` instead.
  _torch_pytree._register_pytree_node(
[aggregate] P2 CT feature injection (n_ct=2): 3 seeds → experiments/results/mlaad/ct_feature_injection/summary.md
  C-Q4 cross-metric: CONSISTENT improvement — eer↓=better, auc↑=better, bal_acc↑=better, acc↑=better
/lambda/nfs/algovirginia/workspace/DeepfakeDetectionRenewed/venv/lib/python3.10/site-packages/librosa/core/intervals.py:8: UserWarning: pkg_resources is deprecated as an API. See https://setuptools.pypa.io/en/latest/pkg_resources.html. The pkg_resources package is slated for removal as early as 2025-11-30. Refrain from using this package or pin to Setuptools<81.
  from pkg_resources import resource_filename
/lambda/nfs/algovirginia/workspace/DeepfakeDetectionRenewed/venv/lib/python3.10/site-packages/transformers/utils/generic.py:441: FutureWarning: `torch.utils._pytree._register_pytree_node` is deprecated. Please use `torch.utils._pytree.register_pytree_node` instead.
  _torch_pytree._register_pytree_node(
/lambda/nfs/algovirginia/workspace/DeepfakeDetectionRenewed/venv/lib/python3.10/site-packages/transformers/utils/generic.py:309: FutureWarning: `torch.utils._pytree._register_pytree_node` is deprecated. Please use `torch.utils._pytree.register_pytree_node` instead.
  _torch_pytree._register_pytree_node(
[aggregate] P3 CT injection + T_window11 (n_ct=3): 3 seeds → experiments/results/mlaad/p3_ct_window11/summary.md
  C-Q4 cross-metric: CONSISTENT no-improvement/regression — eer↓=worse/flat, auc↑=worse/flat, bal_acc↑=worse/flat, acc↑=worse/flat
/lambda/nfs/algovirginia/workspace/DeepfakeDetectionRenewed/venv/lib/python3.10/site-packages/librosa/core/intervals.py:8: UserWarning: pkg_resources is deprecated as an API. See https://setuptools.pypa.io/en/latest/pkg_resources.html. The pkg_resources package is slated for removal as early as 2025-11-30. Refrain from using this package or pin to Setuptools<81.
  from pkg_resources import resource_filename
/lambda/nfs/algovirginia/workspace/DeepfakeDetectionRenewed/venv/lib/python3.10/site-packages/transformers/utils/generic.py:441: FutureWarning: `torch.utils._pytree._register_pytree_node` is deprecated. Please use `torch.utils._pytree.register_pytree_node` instead.
  _torch_pytree._register_pytree_node(
/lambda/nfs/algovirginia/workspace/DeepfakeDetectionRenewed/venv/lib/python3.10/site-packages/transformers/utils/generic.py:309: FutureWarning: `torch.utils._pytree._register_pytree_node` is deprecated. Please use `torch.utils._pytree.register_pytree_node` instead.
  _torch_pytree._register_pytree_node(
[aggregate] P4 smoothing augmentation: 3 seeds → experiments/results/mlaad/p4_smoothing_aug/summary.md
  C-Q4 cross-metric: CONSISTENT no-improvement/regression — eer↓=worse/flat, auc↑=worse/flat, bal_acc↑=worse/flat, acc↑=worse/flat
/lambda/nfs/algovirginia/workspace/DeepfakeDetectionRenewed/venv/lib/python3.10/site-packages/librosa/core/intervals.py:8: UserWarning: pkg_resources is deprecated as an API. See https://setuptools.pypa.io/en/latest/pkg_resources.html. The pkg_resources package is slated for removal as early as 2025-11-30. Refrain from using this package or pin to Setuptools<81.
  from pkg_resources import resource_filename
/lambda/nfs/algovirginia/workspace/DeepfakeDetectionRenewed/venv/lib/python3.10/site-packages/transformers/utils/generic.py:441: FutureWarning: `torch.utils._pytree._register_pytree_node` is deprecated. Please use `torch.utils._pytree.register_pytree_node` instead.
  _torch_pytree._register_pytree_node(
/lambda/nfs/algovirginia/workspace/DeepfakeDetectionRenewed/venv/lib/python3.10/site-packages/transformers/utils/generic.py:309: FutureWarning: `torch.utils._pytree._register_pytree_node` is deprecated. Please use `torch.utils._pytree.register_pytree_node` instead.
  _torch_pytree._register_pytree_node(
[aggregate] P5 system hardness reweight: 3 seeds → experiments/results/mlaad/p5_hardness_reweight/summary.md
  C-Q4 cross-metric: MIXED (3/4 metrics agree) — eer↓=better, auc↑=better, bal_acc↑=better, acc↑=worse/flat
/lambda/nfs/algovirginia/workspace/DeepfakeDetectionRenewed/venv/lib/python3.10/site-packages/librosa/core/intervals.py:8: UserWarning: pkg_resources is deprecated as an API. See https://setuptools.pypa.io/en/latest/pkg_resources.html. The pkg_resources package is slated for removal as early as 2025-11-30. Refrain from using this package or pin to Setuptools<81.
  from pkg_resources import resource_filename
/lambda/nfs/algovirginia/workspace/DeepfakeDetectionRenewed/venv/lib/python3.10/site-packages/transformers/utils/generic.py:441: FutureWarning: `torch.utils._pytree._register_pytree_node` is deprecated. Please use `torch.utils._pytree.register_pytree_node` instead.
  _torch_pytree._register_pytree_node(
/lambda/nfs/algovirginia/workspace/DeepfakeDetectionRenewed/venv/lib/python3.10/site-packages/transformers/utils/generic.py:309: FutureWarning: `torch.utils._pytree._register_pytree_node` is deprecated. Please use `torch.utils._pytree.register_pytree_node` instead.
  _torch_pytree._register_pytree_node(
[aggregate] P6 representation diversity regularization: 3 seeds → experiments/results/mlaad/p6_diversity_lambda0.01/summary.md
  C-Q4 cross-metric: MIXED (3/4 metrics agree) — eer↓=better, auc↑=better, bal_acc↑=better, acc↑=worse/flat
/lambda/nfs/algovirginia/workspace/DeepfakeDetectionRenewed/venv/lib/python3.10/site-packages/librosa/core/intervals.py:8: UserWarning: pkg_resources is deprecated as an API. See https://setuptools.pypa.io/en/latest/pkg_resources.html. The pkg_resources package is slated for removal as early as 2025-11-30. Refrain from using this package or pin to Setuptools<81.
  from pkg_resources import resource_filename
/lambda/nfs/algovirginia/workspace/DeepfakeDetectionRenewed/venv/lib/python3.10/site-packages/transformers/utils/generic.py:441: FutureWarning: `torch.utils._pytree._register_pytree_node` is deprecated. Please use `torch.utils._pytree.register_pytree_node` instead.
  _torch_pytree._register_pytree_node(
/lambda/nfs/algovirginia/workspace/DeepfakeDetectionRenewed/venv/lib/python3.10/site-packages/transformers/utils/generic.py:309: FutureWarning: `torch.utils._pytree._register_pytree_node` is deprecated. Please use `torch.utils._pytree.register_pytree_node` instead.
  _torch_pytree._register_pytree_node(
[aggregate] P7 CLIP C-ranking: 3 seeds → experiments/results/mlaad/p7_crank_lambda0.1/summary.md
  C-Q4 cross-metric: CONSISTENT no-improvement/regression — eer↓=worse/flat, auc↑=worse/flat, bal_acc↑=worse/flat, acc↑=worse/flat
running P8 2026-06-08T06:12:48Z
>>> P8 rc=0 2026-06-08T06:13:28Z
parallel chain DONE 2026-06-08T06:13:28Z
