Some weights of the model checkpoint at microsoft/wavlm-base were not used when initializing WavLMModel: ['encoder.pos_conv_embed.conv.weight_v', 'encoder.pos_conv_embed.conv.weight_g']
- This IS expected if you are initializing WavLMModel from the checkpoint of a model trained on another task or with another architecture (e.g. initializing a BertForSequenceClassification model from a BertForPreTraining model).
- This IS NOT expected if you are initializing WavLMModel from the checkpoint of a model that you expect to be exactly identical (initializing a BertForSequenceClassification model from a BertForSequenceClassification model).
Some weights of WavLMModel were not initialized from the model checkpoint at microsoft/wavlm-base and are newly initialized: ['encoder.pos_conv_embed.conv.parametrizations.weight.original0', 'encoder.pos_conv_embed.conv.parametrizations.weight.original1']
You should probably TRAIN this model on a down-stream task to be able to use it for predictions and inference.
[I5] ITW 3000 utts, EER=0.363
[px_common] repaired WavLM pos_conv weight-norm weights from checkpoint
  feats 0/3000
  feats 320/3000
  feats 640/3000
  feats 960/3000
  feats 1280/3000
  feats 1600/3000
  feats 1920/3000
  feats 2240/3000
  feats 2560/3000
  feats 2880/3000

[Q2a] E12 replication, s_along medians (MLAAD bona=-0.65, spoof=7.19, gap=7.83):
      ITW bona=4.39 (+0.64 gaps slid)  ITW spoof=4.02 (+0.60)
[Q2a'] within ITW-bona: s_along vs spoof-logit rho=+0.469 (p=6.31e-83)

[Q1] 29 spoof speakers (>=10 utts), hardness range [0.084, 0.536]
      ve12: rho=-0.142 (p=0.4613)
       ve9: rho=-0.053 (p=0.7860)
   s_along: rho=-0.302 (p=0.1114)
    s_orth: rho=+0.534 (p=0.0028)
     rog12: rho=-0.561 (p=0.0015)
   vmean12: rho=-0.384 (p=0.0399)
    vmean0: rho=-0.465 (p=0.0111)
      ve12 | rms: rho=-0.079 (p=0.6826)
   s_along | rms: rho=-0.336 (p=0.0748)

[Q1-FE] within-speaker fixed effects (spoof logit):
      ve12: beta=+0.7778 (perm p=0.0000)
   s_along: beta=+0.8844 (perm p=0.0000)
    s_orth: beta=-0.9628 (perm p=0.0000)
     rog12: beta=+0.8761 (perm p=0.0000)
   vmean12: beta=+1.0191 (perm p=0.0000)

[Q3] var(s_along): MLAAD-bona=15.42  ITW-bona=47.66  ITW-spoof=31.10

[I5] done -> /lambda/nfs/algovirginia/workspace/DeepfakeDetectionRenewed/experiments/results/i5_itw_transfer
