Some weights of WavLMForCTC were not initialized from the model checkpoint at microsoft/wavlm-base and are newly initialized: ['lm_head.weight', 'encoder.pos_conv_embed.conv.parametrizations.weight.original0', 'lm_head.bias', 'encoder.pos_conv_embed.conv.parametrizations.weight.original1']
You should probably TRAIN this model on a down-stream task to be able to use it for predictions and inference.
[I6] MLAAD 1846 utts | ITW subset 3000 utts
Load WavLM model!!!!!!!
torch.Size([687, 768])
  mlaad/main/baseline    EER=0.2660 AUC=0.8057 (27s)
  mlaad/main/spec_1.25   EER=0.2622 AUC=0.8064 (37s)
  mlaad/main/spec_1.6    EER=0.2524 AUC=0.8099 (38s)
  mlaad/main/spec_2.0    EER=0.2579 AUC=0.8059 (38s)
  mlaad/main/smooth_3    EER=0.2600 AUC=0.8106 (28s)
  mlaad/main/smooth_5    EER=0.2546 AUC=0.8050 (28s)
  mlaad/main/sub_res_0.7 EER=0.2606 AUC=0.8161 (40s)
  mlaad/main/sub_res_0.5 EER=0.2579 AUC=0.8150 (40s)
  mlaad/main/combo       EER=0.2622 AUC=0.8049 (41s)
  itw/main/baseline    EER=0.3633 AUC=0.6833
  itw/main/spec_1.25   EER=0.3833 AUC=0.6719
  itw/main/spec_1.6    EER=0.3687 AUC=0.6808
  itw/main/spec_2.0    EER=0.3653 AUC=0.6814
  itw/main/smooth_3    EER=0.3690 AUC=0.6807
  itw/main/smooth_5    EER=0.3613 AUC=0.6839
  itw/main/sub_res_0.7 EER=0.3690 AUC=0.6818
  itw/main/sub_res_0.5 EER=0.3577 AUC=0.6911
  itw/main/combo       EER=0.3713 AUC=0.6804
Some weights of WavLMForCTC were not initialized from the model checkpoint at microsoft/wavlm-base and are newly initialized: ['lm_head.weight', 'encoder.pos_conv_embed.conv.parametrizations.weight.original0', 'lm_head.bias', 'encoder.pos_conv_embed.conv.parametrizations.weight.original1']
You should probably TRAIN this model on a down-stream task to be able to use it for predictions and inference.
Load WavLM model!!!!!!!
torch.Size([687, 768])
  mlaad/s42/baseline    EER=0.2817 AUC=0.7875 (29s)
  mlaad/s42/spec_1.25   EER=0.2708 AUC=0.7972 (43s)
  mlaad/s42/spec_1.6    EER=0.2703 AUC=0.7934 (41s)
  mlaad/s42/spec_2.0    EER=0.2844 AUC=0.7832 (38s)
  mlaad/s42/smooth_3    EER=0.2725 AUC=0.7911 (27s)
  mlaad/s42/smooth_5    EER=0.2687 AUC=0.7949 (28s)
  mlaad/s42/sub_res_0.7 EER=0.2795 AUC=0.7894 (38s)
  mlaad/s42/sub_res_0.5 EER=0.2644 AUC=0.7985 (38s)
  mlaad/s42/combo       EER=0.2709 AUC=0.7919 (40s)
Some weights of WavLMForCTC were not initialized from the model checkpoint at microsoft/wavlm-base and are newly initialized: ['lm_head.weight', 'encoder.pos_conv_embed.conv.parametrizations.weight.original0', 'lm_head.bias', 'encoder.pos_conv_embed.conv.parametrizations.weight.original1']
You should probably TRAIN this model on a down-stream task to be able to use it for predictions and inference.
Load WavLM model!!!!!!!
torch.Size([687, 768])
  mlaad/s1024/baseline    EER=0.2638 AUC=0.8024 (27s)
  mlaad/s1024/spec_1.25   EER=0.2752 AUC=0.7989 (38s)
  mlaad/s1024/spec_1.6    EER=0.2703 AUC=0.7988 (38s)
  mlaad/s1024/spec_2.0    EER=0.2736 AUC=0.7942 (47s)
  mlaad/s1024/smooth_3    EER=0.2806 AUC=0.7847 (28s)
  mlaad/s1024/smooth_5    EER=0.2822 AUC=0.7872 (28s)
  mlaad/s1024/sub_res_0.7 EER=0.2622 AUC=0.8053 (38s)
  mlaad/s1024/sub_res_0.5 EER=0.2736 AUC=0.8025 (38s)
  mlaad/s1024/combo       EER=0.2941 AUC=0.7784 (40s)

[boot] deltas vs baseline:
  mlaad  spec_1.25   dEER=-0.0011 [-0.0121,+0.0079] p=0.7000 | dAUC=+0.0023 p=0.4820
  itw    spec_1.25   dEER=+0.0200 [+0.0053,+0.0340] p=0.0070 | dAUC=-0.0115 p=0.0310
  mlaad  spec_1.6    dEER=-0.0061 [-0.0170,+0.0042] p=0.2380 | dAUC=+0.0022 p=0.5560
  itw    spec_1.6    dEER=+0.0053 [-0.0093,+0.0203] p=0.4710 | dAUC=-0.0026 p=0.6690
  mlaad  spec_2.0    dEER=+0.0015 [-0.0092,+0.0125] p=0.7610 | dAUC=-0.0041 p=0.2970
  itw    spec_2.0    dEER=+0.0020 [-0.0137,+0.0163] p=0.8810 | dAUC=-0.0019 p=0.7450
  mlaad  smooth_3    dEER=+0.0006 [-0.0089,+0.0112] p=0.8410 | dAUC=-0.0031 p=0.3770
  itw    smooth_3    dEER=+0.0057 [-0.0090,+0.0213] p=0.3960 | dAUC=-0.0027 p=0.6450
  mlaad  smooth_5    dEER=-0.0020 [-0.0119,+0.0083] p=0.8110 | dAUC=-0.0028 p=0.4610
  itw    smooth_5    dEER=-0.0020 [-0.0183,+0.0133] p=0.7590 | dAUC=+0.0006 p=0.9100
  mlaad  sub_res_0.7 dEER=-0.0031 [-0.0145,+0.0081] p=0.5520 | dAUC=+0.0051 p=0.1880
  itw    sub_res_0.7 dEER=+0.0057 [-0.0107,+0.0193] p=0.5640 | dAUC=-0.0015 p=0.8000
  mlaad  sub_res_0.5 dEER=-0.0052 [-0.0150,+0.0061] p=0.3970 | dAUC=+0.0068 p=0.0720
  itw    sub_res_0.5 dEER=-0.0057 [-0.0220,+0.0070] p=0.3240 | dAUC=+0.0078 p=0.1960
  mlaad  combo       dEER=+0.0052 [-0.0052,+0.0155] p=0.3400 | dAUC=-0.0068 p=0.0500
  itw    combo       dEER=+0.0080 [-0.0070,+0.0237] p=0.3360 | dAUC=-0.0029 p=0.6390

[quartiles] mean per-system AUC (3 seeds):
quartile     Q1_easy      Q2      Q3  Q4_hard
cond                                         
baseline      0.9481  0.8710  0.7734   0.6159
combo         0.9385  0.8663  0.7660   0.6129
smooth_3      0.9378  0.8700  0.7677   0.6235
smooth_5      0.9405  0.8711  0.7635   0.6206
spec_1.25     0.9467  0.8733  0.7696   0.6275
spec_1.6      0.9435  0.8749  0.7716   0.6300
spec_2.0      0.9432  0.8661  0.7675   0.6168
sub_res_0.5   0.9458  0.8841  0.7845   0.6253
sub_res_0.7   0.9474  0.8766  0.7798   0.6258

[I6] done -> /lambda/nfs/algovirginia/workspace/DeepfakeDetectionRenewed/experiments/results/i6_testtime_boost
