Some weights of the model checkpoint at microsoft/wavlm-base were not used when initializing WavLMModel: ['encoder.pos_conv_embed.conv.weight_g', 'encoder.pos_conv_embed.conv.weight_v']
- This IS expected if you are initializing WavLMModel from the checkpoint of a model trained on another task or with another architecture (e.g. initializing a BertForSequenceClassification model from a BertForPreTraining model).
- This IS NOT expected if you are initializing WavLMModel from the checkpoint of a model that you expect to be exactly identical (initializing a BertForSequenceClassification model from a BertForSequenceClassification model).
Some weights of WavLMModel were not initialized from the model checkpoint at microsoft/wavlm-base and are newly initialized: ['encoder.pos_conv_embed.conv.parametrizations.weight.original0', 'encoder.pos_conv_embed.conv.parametrizations.weight.original1']
You should probably TRAIN this model on a down-stream task to be able to use it for predictions and inference.
[J2-A] 1640 utts across 41 unseen systems
[px_common] repaired WavLM pos_conv weight-norm weights from checkpoint
  emb 0/1640
  emb 160/1640
  emb 320/1640
  emb 480/1640
  emb 640/1640
  emb 800/1640
  emb 960/1640
  emb 1120/1640
  emb 1280/1640
  emb 1440/1640
  emb 1600/1640
[J2-A] predictions REGISTERED -> /lambda/nfs/algovirginia/workspace/DeepfakeDetectionRenewed/experiments/results/j2_prospective/j2_preregistered_predictions.json  (102 units)
[J2-B] scoring unseen audio under MLAAD main ...
Some weights of WavLMForCTC were not initialized from the model checkpoint at microsoft/wavlm-base and are newly initialized: ['lm_head.weight', 'lm_head.bias', 'encoder.pos_conv_embed.conv.parametrizations.weight.original0', 'encoder.pos_conv_embed.conv.parametrizations.weight.original1']
You should probably TRAIN this model on a down-stream task to be able to use it for predictions and inference.
Load WavLM model!!!!!!!
torch.Size([687, 768])
[J2-B] scoring unseen audio under MLAAD s42 ...
Some weights of WavLMForCTC were not initialized from the model checkpoint at microsoft/wavlm-base and are newly initialized: ['lm_head.weight', 'lm_head.bias', 'encoder.pos_conv_embed.conv.parametrizations.weight.original0', 'encoder.pos_conv_embed.conv.parametrizations.weight.original1']
You should probably TRAIN this model on a down-stream task to be able to use it for predictions and inference.
Load WavLM model!!!!!!!
torch.Size([687, 768])
[J2-B] scoring unseen audio under MLAAD s1024 ...
Some weights of WavLMForCTC were not initialized from the model checkpoint at microsoft/wavlm-base and are newly initialized: ['lm_head.weight', 'lm_head.bias', 'encoder.pos_conv_embed.conv.parametrizations.weight.original0', 'encoder.pos_conv_embed.conv.parametrizations.weight.original1']
You should probably TRAIN this model on a down-stream task to be able to use it for predictions and inference.
Load WavLM model!!!!!!!
torch.Size([687, 768])
[J2-B] scoring MLAAD under robust_goat g1 ...
Some weights of WavLMForCTC were not initialized from the model checkpoint at microsoft/wavlm-base and are newly initialized: ['lm_head.weight', 'lm_head.bias', 'encoder.pos_conv_embed.conv.parametrizations.weight.original0', 'encoder.pos_conv_embed.conv.parametrizations.weight.original1']
You should probably TRAIN this model on a down-stream task to be able to use it for predictions and inference.
Load WavLM model!!!!!!!
torch.Size([687, 768])
[J2-B] scoring MLAAD under robust_goat g3 ...
Some weights of WavLMForCTC were not initialized from the model checkpoint at microsoft/wavlm-base and are newly initialized: ['lm_head.weight', 'lm_head.bias', 'encoder.pos_conv_embed.conv.parametrizations.weight.original0', 'encoder.pos_conv_embed.conv.parametrizations.weight.original1']
You should probably TRAIN this model on a down-stream task to be able to use it for predictions and inference.
Load WavLM model!!!!!!!
torch.Size([687, 768])
[J2-B] scoring MLAAD under robust_goat g7 ...
Some weights of WavLMForCTC were not initialized from the model checkpoint at microsoft/wavlm-base and are newly initialized: ['lm_head.weight', 'lm_head.bias', 'encoder.pos_conv_embed.conv.parametrizations.weight.original0', 'encoder.pos_conv_embed.conv.parametrizations.weight.original1']
You should probably TRAIN this model on a down-stream task to be able to use it for predictions and inference.
Load WavLM model!!!!!!!
torch.Size([687, 768])

[J2-C] evaluation
   wavefake   pred_hard_lda: rho=+0.103 (p=0.7770, n=10)
   wavefake  pred_hard_mean: rho=+0.624 (p=0.0537, n=10)
    vcc2020   pred_hard_lda: rho=-0.215 (p=0.2447, n=31)
    vcc2020  pred_hard_mean: rho=+0.111 (p=0.5512, n=31)
        ALL   pred_hard_lda: rho=-0.115 (p=0.4734, n=41)
        ALL  pred_hard_mean: rho=-0.178 (p=0.2649, n=41)
  goatXmlaad   pred_hard_lda: rho=+0.198 (p=0.1260, n=61)
  goatXmlaad  pred_hard_mean: rho=+0.195 (p=0.1324, n=61)
  detector-family hardness agreement (MLAAD-det vs robust_goat): rho=+0.301 (p=0.018240)

[J2] done -> /lambda/nfs/algovirginia/workspace/DeepfakeDetectionRenewed/experiments/results/j2_prospective
